renumbering identifiers in all function(s)
   REMOVED_TIME
testing conversion in test function(s)
   REMOVED_TIME

total transformation time: REMOVED_TIME

total time (with save/print): REMOVED_TIME
