type checking module in all function(s)
   REMOVED_TIME
renumbering identifiers in all function(s)
   REMOVED_TIME
interpreting in ``test'' function(s)
### starting python
### loading jasmin_lib

### jasmin_lib loaded
   REMOVED_TIME

total transformation time: REMOVED_TIME

total time (with save/print): REMOVED_TIME
