renumbering identifiers in all function(s)
   REMOVED_TIME
>> input:
#[macro_use] extern crate jasmin;

fn foo(mut x: stack! (b64), mut y: stack! (b64), mut z: reg! (b1)) -> stack! (b64) {
    var! {
        w: stack! (b64);
    }
    code! {
        w: stack! (b64) = x: stack! (b64);
        w: stack! (b64) = add(w: stack! (b64),x: stack! (b64));
        if (w: stack! (b64) == 5) {
            (z: reg! (b1),x: stack! (b64)) = add(x: stack! (b64),w: stack! (b64));
            (z: reg! (b1),x: stack! (b64)) = add(x: stack! (b64),y: stack! (b64));
        }
    }
    return x: stack! (b64)
}


total transformation time: REMOVED_TIME

total time (with save/print): REMOVED_TIME
