inlining all calls in foo function(s)
   REMOVED_TIME
stripping comments in foo function(s)
   REMOVED_TIME
>> input:
fn foo(x : stack u64, y : stack u64, z : reg bool) -> stack u64 {
  w : stack u64
  (w : stack u64) = (x : stack u64);
  (w : stack u64) += (x : stack u64);
  if (w : stack u64 = 5) {
    (z : reg bool), (x : stack u64) += (w : stack u64);
    (z : reg bool), (x : stack u64) += (y : stack u64);
  } else {
    
  }
  
  return (x : stack u64);
}


total transformation time: REMOVED_TIME

total time (with save/print): REMOVED_TIME
