>> input:
#[macro_use] extern crate jasmin;
fn foo(mut z.1: stack! (b64), mut z.2: stack! (b64)) -> stack! (b64) {
                                      code! {
                                          // STARTBLOCK
                                          z.1 += z.2;
                                          // ENDBLOCK
                                      }
                                      return z.1
                                  }


total transformation time: REMOVED_TIME

total time (with save/print): REMOVED_TIME
