type checking module in all function(s)
   REMOVED_TIME
>> renum:
extern fn test(x.1 : stack u64, y.1 : stack u64) -> stack u64 {
  x.1 += y.1;
  return x.1;
}


total transformation time: REMOVED_TIME

total time (with save/print): REMOVED_TIME
