>> renum:
#[macro_use] extern crate jasmin;
param n : b64;

pub fn test() {
    var! {
        i: inline (b64)
        x: stack! (b64[(n: b64)]);
    }
    code! {
        x: stack! (b64[(n: b64)])[jc!(0)] = jc!(0);
        for i: inline (b64) in jc!(0)..(n: b64) {
            if ((((n: b64) == jc!(10)) && ((n: b64) == jc!(10))) || true) {
                x: stack! (b64[(n: b64)])[(n: b64) - jc!(1)] += jc!(1);
            } else {
              x: stack! (b64[(n: b64)])[(n: b64) - jc!(1)] += jc!(1);
            }
        }
    }
}


total transformation time: REMOVED_TIME

total time (with save/print): REMOVED_TIME
