type checking module in all function(s)
   REMOVED_TIME
merging basic blocks in all function(s)
   REMOVED_TIME
adding register liveness information in test function(s)
   iterate liveness: ...
   REMOVED_TIME
transforming into local SSA form in test function(s)
   REMOVED_TIME
type checking module in all function(s)
   REMOVED_TIME

total transformation time: REMOVED_TIME

total time (with save/print): REMOVED_TIME
