type checking module in all function(s)
   REMOVED_TIME
expanding macros in ``test'' function(s)
