renumbering identifiers in all function(s)
   REMOVED_TIME
type checking module in all function(s)
