type checking module in all function(s)
   REMOVED_TIME
renumbering identifiers in all function(s)
   REMOVED_TIME
interpreting in test function(s)
### starting python
### loading dmasm_lib

### dmasm_lib loaded
   REMOVED_TIME
